{
  "resourceType": "AllergyIntolerance",
  "code": {
    "coding": [
      {
        "extension": [
          {
            "url": "https://fhir.hl7.org.uk/StructureDefinition/Extension-UKCore-CodingSCTDescId",
            "extension": [
              {
                "url": "descriptionId",
                "valueId": "152307010"
              }
            ]
          }
        ],
        "system": "http://snomed.info/sct",
        "code": "91936005",
        "display": "Allergy to penicillin"
      }
    ],
    "text": "Penicillin allergy"
  }
}
