{
  "resourceType": "AllergyIntolerance",
  "extension": [
    {
      "extension": [
        {
          "url": "endDate",
          "valueDateTime": "2022-01-15"
        },
        {
          "url": "reasonEnded",
          "valueString": "Allergy resolved by prescribed medication"
        }
      ],
      "url": "https://fhir.hl7.org.uk/StructureDefinition/Extension-UKCore-AllergyIntoleranceEnd"
    }
  ]
}