{
  "resourceType": "AllergyIntolerance",
  "extension": [
    {
      "extension": [
        {
          "url": "endDate",
          "valueDateTime": "2016-11-01T00:00:00+00:00"
        },
        {
          "url": "reasonEnded",
          "valueString": "Desensitised to Peanuts"
        }
      ],
      "url": "https://fhir.hl7.org.uk/StructureDefinition/Extension-UKCore-AllergyIntoleranceEnd"
    }
  ]
}