{
  "resourceType": "AllergyIntolerance",
  "extension": [
    {
      "url": "https://fhir.hl7.org.uk/StructureDefinition/Extension-UKCore-Evidence",
      "valueReference": {
        "reference": "DiagnosticReport/3BF93498-ABCF-4326-B5F4-071EDB142D60"
      }
    }
  ]
}