{
  "resourceType": "MedicationRequest",
  "extension": [
    {
      "url": "https://fhir.hl7.org.uk/StructureDefinition/Extension-UKCore-MedicationStatementLastIssueDate",
      "valueDateTime": "2006-09-06"
    }
  ]
}