{
  "resourceType": "MedicationRequest",
  "statusReason": {
    "text": "Patient Preference - Switch back to Atorvastatin"
  }
}
