{
  "resourceType": "MedicationRequest",
  "courseOfTherapyType": {
    "coding": [
      {
        "system": "https://fhir.nhs.uk/STU3/CodeSystem/CareConnect-PrescriptionType-1",
        "code": "delayed-prescribing",
        "display": "Delayed prescribing"
      }
    ]
  }
}