{
  "resourceType": "MedicationRequest",
  "statusReason": {
    "text": "Recreate 22047"
  }
}
