{
  "resourceType": "MedicationRequest",
  "extension": [
    {
      "extension": [
        {
          "url": "statusChangeDate",
          "valueDateTime": "2020-05-19"
        }
      ],
      "url": "http://fhir.nhs.uk/fhir/3.0/StructureDefinition/extension-statusChangeDate"
    }
  ],
  "statusReason": {
    "text": "Re-Authorised"
  }
}