{
  "resourceType": "MedicationRequest",
  "statusReason": {
    "text": "Alergy"
  }
}
