{
  "resourceType": "MedicationRequest",
  "extension": [
    {
      "extension": [
        {
          "url": "numberOfRepeatPrescriptionsIssued",
          "valueUnsignedInt": 7
        },
        {
          "url": "authorisationExpiryDate",
          "valueDateTime": "2020-08-10"
        }
      ],
      "url": "https://fhir.nhs.uk/StructureDefinition/Extension-UKCore-MedicationRepeatInformation"
    }
  ],
  "dispenseRequest": {
    "numberOfRepeatsAllowed": 7
  }
}