{
  "resourceType": "MedicationRequest",
  "extension": [
    {
      "extension": [
        {
          "url": "numberOfRepeatPrescriptionsIssued",
          "valueUnsignedInt": 3
        }
      ],
      "url": "https://fhir.nhs.uk/StructureDefinition/Extension-UKCore-MedicationRepeatInformation"
    }
  ],
  "dispenseRequest": {
    "numberOfRepeatsAllowed": 12
  }
}