{
  "resourceType": "MedicationRequest",
  "statusReason": {
    "text": "zzzzzss"
  }
}
