{
  "resourceType": "MedicationRequest",
  "extension": [
    {
      "extension": [
        {
          "url": "statusChangeDate",
          "valueDateTime": "2011-11-15T15:02:50.72+00:00"
        }
      ],
      "url": "http://fhir.nhs.uk/fhir/3.0/StructureDefinition/extension-statusChangeDate"
    }
  ],
  "statusReason": {
    "text": "End course for acute post G -> T switch for 22047"
  }
}