{
  "resourceType": "MedicationRequest",
  "courseOfTherapyType": {
    "coding": [
      {
        "system": "http://hl7.org/fhir/ValueSet/medicationrequest-course-of-therapy",
        "code": "repeat-dispensing",
        "display": "Repeat dispensing"
      }
    ]
  }
}