{
  "resourceType": "MedicationRequest",
  "statusReason": {
    "text": "Re-Authorised"
  }
}
