{
  "resourceType": "MedicationRequest",
  "statusReason": {
    "text": "Patient no longer requires these"
  }
}
