{
  "resourceType": "MedicationRequest",
  "courseOfTherapyType": {
    "coding": [
      {
        "system": "http://hl7.org/fhir/ValueSet/medicationrequest-course-of-therapy",
        "code": "acute",
        "display": "Acute"
      }
    ]
  }
}