{
  "resourceType": "MedicationRequest",
  "extension": [
    {
      "extension": [
        {
          "url": "statusChangeDate",
          "valueDateTime": "2011-01-20T14:38:23.933+00:00"
        }
      ],
      "url": "http://fhir.nhs.uk/fhir/3.0/StructureDefinition/extension-statusChangeDate"
    }
  ],
  "statusReason": {
    "text": "some reason"
  }
}
