{
  "resourceType": "MedicationRequest",
  "statusReason": {
    "text": "Clinical Grounds"
  }
}
