{
  "resourceType": "MedicationRequest",
  "extension": [
    {
      "extension": [
        {
          "url": "numberOfRepeatPrescriptionsIssued",
          "valueUnsignedInt": 6
        }
      ],
      "url": "https://fhir.nhs.uk/StructureDefinition/Extension-UKCore-MedicationRepeatInformation"
    }
  ]
}